nohup: ignorando entrada
-> Not balanced

--> Results before training
** Test set
Accuracy: 0.515
Error rate: 0.485
** Training set
Accuracy: 0.531
Error rate: 0.469

--> Results after training
** Test set
Accuracy: 0.795
Error rate: 0.205
** Training set
Accuracy: 0.7725
Error rate: 0.2275

-> Balanced

--> Results before training
** Test set
Accuracy: 0.515
Error rate: 0.485
** Training set
Accuracy: 0.4462864721485411
Error rate: 0.5537135278514589

--> Results after training
** Test set
Accuracy: 0.506
Error rate: 0.494
** Training set
Accuracy: 0.6619694960212201
Error rate: 0.3380305039787798

Training time (not balanced):2987.281478881836 seconds.
Training time (balanced):4453.769398212433 seconds.
Topology: [26]
Epochs: 5000
