nohup: ignorando entrada
WARNING: using StatsBase.fit! in module Main conflicts with an existing identifier.
WARNING: using StatsBase.predict in module Main conflicts with an existing identifier.
WARNING: redefinition of constant dataset1_labels. This may fail, cause incorrect answers, or produce other errors.
WARNING: redefinition of constant dataset2_labels. This may fail, cause incorrect answers, or produce other errors.
WARNING: redefinition of constant dataset3_labels. This may fail, cause incorrect answers, or produce other errors.
WARNING: redefinition of constant dataset4_labels. This may fail, cause incorrect answers, or produce other errors.
WARNING: redefinition of constant dataset5_labels. This may fail, cause incorrect answers, or produce other errors.
WARNING: redefinition of constant datasetDemo_labels. This may fail, cause incorrect answers, or produce other errors.
WARNING: redefinition of constant datasetOverlap_labels. This may fail, cause incorrect answers, or produce other errors.
WARNING: redefinition of constant DEFAULT_DATASET_PATH. This may fail, cause incorrect answers, or produce other errors.
--> Dataset 5
Time: 25440.728225946426 seconds.
Best solution's fitness: 0.4075829383886256
Accuracy after NEAT: 0.5791245791245792
Error rate after NEAT: 0.4208754208754209
