nohup: ignorando entrada
Topology: [5]
Epochs: 5000
-> Not balanced

--> Results before training
** Test set
Accuracy: 0.3
Error rate: 0.7
** Training set
Accuracy: 0.20625
Error rate: 0.79375

--> Results after training
** Test set
Accuracy: 1.0
Error rate: 0.0
** Training set
Accuracy: 1.0
Error rate: 0.0

-> Balanced

--> Results before training
** Test set
Accuracy: 0.3
Error rate: 0.7
** Training set
Accuracy: 0.2056338028169014
Error rate: 0.7943661971830986

--> Results after training
** Test set
Accuracy: 1.0
Error rate: 0.0
** Training set
Accuracy: 1.0
Error rate: 0.0

Training time (not balanced):126.13563299179077 seconds.
Training time (balanced):188.9213399887085 seconds.
